// Jest Snapshot v1, https://goo.gl/fbAQLP

exports[`Pruebas en QuantitySelector Debe de mostrar <QuantitySelector /> correctamente 1`] = `
Array [
  <div>
    <button
      className="btn btn-minus qty-btn"
      onClick={[Function]}
      type="button"
    >
      -
    </button>
    <input
      className="text-center quantity"
      disabled={true}
      name="quantity"
      type="text"
      value={1}
    />
    <button
      className="btn btn-plus qty-btn"
      onClick={[Function]}
      type="button"
    >
      +
    </button>
  </div>,
  "",
]
`;
